action=permit You are cleared to land

action=permit You are cleared to land

action=defer Are you a spammer? If not, just retry!

action=defer Are you a spammer? If not, just retry!

action=defer Are you a spammer? If not, just retry!

